// Jest Snapshot v1, https://goo.gl/fbAQLP

exports[`Modal should render correctly 1`] = `
<div
  class="layout"
  data-testid="modal"
  role="presentation"
>
  <div
    id="Focus lock"
  >
    <div
      data-testid="content"
    >
      content
    </div>
  </div>
</div>
`;
