// Jest Snapshot v1, https://goo.gl/fbAQLP

exports[`Button renders correctly 1`] = `
<DocumentFragment>
  <button
    class="button"
    tabindex="0"
  >
    Button text
  </button>
</DocumentFragment>
`;
