// Jest Snapshot v1, https://goo.gl/fbAQLP

exports[`EditMovieModal renders change correctly 1`] = `<DocumentFragment />`;

exports[`EditMovieModal renders correctly 1`] = `<DocumentFragment />`;
