// Jest Snapshot v1, https://goo.gl/fbAQLP

exports[`MainPage renders correctly 1`] = `
<DocumentFragment>
  <div
    class="preview"
    style="background-image: url(/src/Assets/pictures/cover-image.jpg); filter: blur(5px);"
  />
  <div
    class="previewContent"
  >
    <div
      class="buttons"
    >
      <div
        class="logo"
      >
        <a
          class="logo"
          href="/"
        >
          <b>
            netflix
          </b>
          roulette
        </a>
      </div>
      <div
        class="info"
      >
        <img
          alt="poster"
          src="[object Object]"
        />
        <div
          class="infoMovie"
        >
          <div
            class="titleWithRating"
          >
            <h1 />
          </div>
          <p>
            <span />
            <span />
          </p>
          <p
            class="overview"
          />
        </div>
      </div>
    </div>
  </div>
  <div
    class="navbar"
  >
    <div
      class="buttons"
    >
      <button
        class="button activeButton button"
        tabindex="0"
      >
        ALL
      </button>
      <button
        class="button button"
        tabindex="0"
      >
        DOCUMENTARY
      </button>
      <button
        class="button button"
        tabindex="0"
      >
        COMEDY
      </button>
      <button
        class="button button"
        tabindex="0"
      >
        HORROR
      </button>
      <button
        class="button button"
        tabindex="0"
      >
        CRIME
      </button>
    </div>
    <div
      class="dropDown"
    >
      <span
        class="label"
      >
        SORT BY
      </span>
      <div
        class="container dropdown"
      >
        <button
          class="selectButton select dropdownClose button"
          data-testid="selectButton"
          tabindex="0"
        >
          RELEASE DATE
          <svg />
        </button>
        <ul
          class="selectList close"
        >
          <li>
            <button
              class="option select selectOption"
              type="button"
            >
              RELEASE DATE
            </button>
          </li>
          <li>
            <button
              class="option select"
              type="button"
            >
              RATING
            </button>
          </li>
        </ul>
      </div>
    </div>
  </div>
  <div
    class="container"
  >
    <span>
      0 movies found
    </span>
    <div
      class="list"
    />
    ;
  </div>
</DocumentFragment>
`;
